package a

type PointerGood struct {
	P   *int
	buf [1000]uintptr
}

type PointerBad struct { // want "struct with 8008 pointer bytes could be 8"
	P   *int
	buf [1000]uintptr
}

type PointerSorta struct {
	a struct {
		p *int
		q uintptr
	}
	b struct {
		p *int
		q [2]uintptr
	}
}

type PointerSortaBad struct { // want "struct with 32 pointer bytes could be 24"
	b struct {
		p *int
		q uintptr
	}
	a struct {
		p *int
		q [2]uintptr
	}
}

type MultiField struct { // want "struct of size 40 could be 24"
	_      [0]func()
	i1, i2 int
	a3     [3]bool
	b      bool
}

type Issue43233 struct { // want "struct with 88 pointer bytes could be 80"
	APIVersion    string    `mapstructure:"api_version"`
	BaseURL       string    `mapstructure:"base_url"`
	AccessToken   string    `mapstructure:"access_token"`
	AllowedEvents []*string // allowed events
	BlockedEvents []*string // blocked events
}
